// Jest Snapshot v1, https://goo.gl/fbAQLP

exports[`<Container /> should create Snapshot 1`] = `
<section
  className="sc-dlfnbm cWAGMS"
>
  <div>
    First child
  </div>
  <div
    className="sc-hKgILt"
  >
    <div>
      Second child
    </div>
  </div>
</section>
`;
