// Jest Snapshot v1, https://goo.gl/fbAQLP

exports[`<Section /> should create Snapshot 1`] = `
<article
  className="sc-gKsewC eXtzIU"
>
  <p
    className="sc-iBPRYJ eQfaEM"
  >
    title
  </p>
  <ul
    className="sc-fubCfw eTAXIs"
  >
    <div>
      children
    </div>
  </ul>
</article>
`;
