// Jest Snapshot v1, https://goo.gl/fbAQLP

exports[`<Timeline /> should create Snapshot 1`] = `
<div
  className="sc-bdfBwQ iNuYTL"
>
  <div
    className="sc-gsTCUz fONLjA"
  >
    <div>
      Child
    </div>
  </div>
</div>
`;
